INFO:     Started server process [1837]
INFO:     Waiting for application startup.
INFO:     Application startup complete.
INFO:     Uvicorn running on http://0.0.0.0:20080 (Press CTRL+C to quit)
Starting Parity Retirement Planner Server at http://localhost:8000
INFO:     2401:4900:1c85:a231:d893:abaf:22ca:f4f7:0 - "GET / HTTP/1.1" 200 OK
INFO:     2401:4900:1c85:a231:d893:abaf:22ca:f4f7:0 - "GET /assets/logo.png HTTP/1.1" 304 Not Modified
INFO:     2401:4900:1c85:a231:d893:abaf:22ca:f4f7:0 - "POST /calculate HTTP/1.1" 200 OK
INFO:     2401:4900:1c85:a231:d893:abaf:22ca:f4f7:0 - "POST /calculate HTTP/1.1" 200 OK
INFO:     2401:4900:1c85:a231:d893:abaf:22ca:f4f7:0 - "POST /calculate HTTP/1.1" 200 OK
INFO:     2401:4900:1c85:a231:d893:abaf:22ca:f4f7:0 - "POST /calculate HTTP/1.1" 200 OK
INFO:     2401:4900:1c85:a231:d893:abaf:22ca:f4f7:0 - "GET / HTTP/1.1" 200 OK
INFO:     2401:4900:1c85:a231:d893:abaf:22ca:f4f7:0 - "GET /assets/logo.png HTTP/1.1" 304 Not Modified
INFO:     2401:4900:1c85:a231:d893:abaf:22ca:f4f7:0 - "POST /calculate HTTP/1.1" 200 OK
INFO:     2600:4040:1120:e400:cdb7:4c1c:85e8:b74:0 - "GET / HTTP/1.1" 200 OK
INFO:     2600:4040:1120:e400:cdb7:4c1c:85e8:b74:0 - "GET /assets/logo.png HTTP/1.1" 200 OK
INFO:     2600:4040:1120:e400:cdb7:4c1c:85e8:b74:0 - "POST /calculate HTTP/1.1" 200 OK
INFO:     2600:4040:1120:e400:cdb7:4c1c:85e8:b74:0 - "GET /favicon.ico HTTP/1.1" 404 Not Found
INFO:     2600:4040:1120:e400:cdb7:4c1c:85e8:b74:0 - "POST /calculate HTTP/1.1" 200 OK
INFO:     2600:4040:1120:e400:cdb7:4c1c:85e8:b74:0 - "POST /calculate HTTP/1.1" 200 OK
INFO:     Shutting down
INFO:     Waiting for application shutdown.
INFO:     Application shutdown complete.
INFO:     Finished server process [1837]
INFO:     Started server process [4546]
INFO:     Waiting for application startup.
INFO:     Application startup complete.
INFO:     Uvicorn running on http://0.0.0.0:20080 (Press CTRL+C to quit)
Starting Parity Retirement Planner Server at http://localhost:8000
INFO:     127.0.0.1:41412 - "GET / HTTP/1.1" 200 OK
INFO:     127.0.0.1:41412 - "GET /assets/logo.png HTTP/1.1" 304 Not Modified
INFO:     127.0.0.1:41412 - "POST /calculate HTTP/1.1" 200 OK
INFO:     127.0.0.1:41412 - "GET /favicon.ico HTTP/1.1" 404 Not Found
INFO:     2401:4900:1c85:a231:d893:abaf:22ca:f4f7:0 - "GET / HTTP/1.1" 200 OK
INFO:     2401:4900:1c85:a231:d893:abaf:22ca:f4f7:0 - "GET /assets/logo.png HTTP/1.1" 304 Not Modified
INFO:     2401:4900:1c85:a231:d893:abaf:22ca:f4f7:0 - "POST /calculate HTTP/1.1" 200 OK
INFO:     2401:4900:b2d3:c082:dc58:88ff:fea7:90fa:0 - "GET / HTTP/1.1" 200 OK
INFO:     2401:4900:b2d3:c082:dc58:88ff:fea7:90fa:0 - "GET /assets/logo.png HTTP/1.1" 200 OK
INFO:     2401:4900:b2d3:c082:dc58:88ff:fea7:90fa:0 - "GET /favicon.ico HTTP/1.1" 404 Not Found
INFO:     2401:4900:b2d3:c082:dc58:88ff:fea7:90fa:0 - "POST /calculate HTTP/1.1" 200 OK
INFO:     2401:4900:b2d3:c082:dc58:88ff:fea7:90fa:0 - "POST /calculate HTTP/1.1" 200 OK
INFO:     2401:4900:1c85:a231:d893:abaf:22ca:f4f7:0 - "GET / HTTP/1.1" 200 OK
INFO:     2401:4900:1c85:a231:d893:abaf:22ca:f4f7:0 - "GET /assets/logo.png HTTP/1.1" 304 Not Modified
INFO:     2401:4900:1c85:a231:d893:abaf:22ca:f4f7:0 - "POST /calculate HTTP/1.1" 200 OK
INFO:     2401:4900:b2d3:c082:dc58:88ff:fea7:90fa:0 - "POST /calculate HTTP/1.1" 200 OK
INFO:     2401:4900:b2d3:c082:dc58:88ff:fea7:90fa:0 - "POST /calculate HTTP/1.1" 200 OK
INFO:     2401:4900:b2d3:c082:dc58:88ff:fea7:90fa:0 - "POST /calculate HTTP/1.1" 200 OK
